Build output check failed:
    Regex: 'command[- ]line option .* is valid for .* but not for C'
    Output line: 'cc1: warning: command-line option ‘-Wnon-virtual-dtor’ is valid for C++/ObjC++ but not for C'
Compilation failed:
    source file: '/home/felipe/Desktop/graduation/2025.2/PDI/build/CMakeFiles/CMakeTmp/src.c'
    check option: ' -fsigned-char -W -Wall -Wreturn-type  -Wnon-virtual-dtor'
===== BUILD LOG =====
Change Dir: '/home/felipe/Desktop/graduation/2025.2/PDI/build/CMakeFiles/CMakeTmp'

Run Build Command(s): /usr/bin/cmake -E env VERBOSE=1 /usr/bin/gmake -f Makefile cmTC_4a7e2/fast
/usr/bin/gmake  -f CMakeFiles/cmTC_4a7e2.dir/build.make CMakeFiles/cmTC_4a7e2.dir/build
gmake[1]: Entering directory '/home/felipe/Desktop/graduation/2025.2/PDI/build/CMakeFiles/CMakeTmp'
Building C object CMakeFiles/cmTC_4a7e2.dir/src.c.o
/usr/bin/cc   -O3 -DNDEBUG -fPIE    -fsigned-char -W -Wall -Wreturn-type  -Wnon-virtual-dtor -o CMakeFiles/cmTC_4a7e2.dir/src.c.o -c /home/felipe/Desktop/graduation/2025.2/PDI/build/CMakeFiles/CMakeTmp/src.c
cc1: warning: command-line option ‘-Wnon-virtual-dtor’ is valid for C++/ObjC++ but not for C
/home/felipe/Desktop/graduation/2025.2/PDI/build/CMakeFiles/CMakeTmp/src.c:1: warning: ignoring ‘#pragma  ’ [-Wunknown-pragmas]
    1 | #pragma
      | 
Linking C executable cmTC_4a7e2
/usr/bin/cmake -E cmake_link_script CMakeFiles/cmTC_4a7e2.dir/link.txt --verbose=1
/usr/bin/cc -O3 -DNDEBUG CMakeFiles/cmTC_4a7e2.dir/src.c.o -o cmTC_4a7e2 
gmake[1]: Leaving directory '/home/felipe/Desktop/graduation/2025.2/PDI/build/CMakeFiles/CMakeTmp'


===== END =====

Build output check failed:
    Regex: 'command[- ]line option .* is valid for .* but not for C\+\+'
    Output line: 'cc1plus: warning: command-line option ‘-Wmissing-prototypes’ is valid for C/ObjC but not for C++'
Compilation failed:
    source file: '/home/felipe/Desktop/graduation/2025.2/PDI/build/CMakeFiles/CMakeTmp/src.cxx'
    check option: ' -fsigned-char -W -Wall -Wreturn-type -Wnon-virtual-dtor -Waddress -Wsequence-point -Wformat -Wformat-security -Wmissing-declarations  -Wmissing-prototypes'
===== BUILD LOG =====
Change Dir: '/home/felipe/Desktop/graduation/2025.2/PDI/build/CMakeFiles/CMakeTmp'

Run Build Command(s): /usr/bin/cmake -E env VERBOSE=1 /usr/bin/gmake -f Makefile cmTC_79fb9/fast
/usr/bin/gmake  -f CMakeFiles/cmTC_79fb9.dir/build.make CMakeFiles/cmTC_79fb9.dir/build
gmake[1]: Entering directory '/home/felipe/Desktop/graduation/2025.2/PDI/build/CMakeFiles/CMakeTmp'
Building CXX object CMakeFiles/cmTC_79fb9.dir/src.cxx.o
/usr/bin/c++   -O3 -DNDEBUG -std=c++11 -fPIE    -fsigned-char -W -Wall -Wreturn-type -Wnon-virtual-dtor -Waddress -Wsequence-point -Wformat -Wformat-security -Wmissing-declarations  -Wmissing-prototypes -o CMakeFiles/cmTC_79fb9.dir/src.cxx.o -c /home/felipe/Desktop/graduation/2025.2/PDI/build/CMakeFiles/CMakeTmp/src.cxx
cc1plus: warning: command-line option ‘-Wmissing-prototypes’ is valid for C/ObjC but not for C++
/home/felipe/Desktop/graduation/2025.2/PDI/build/CMakeFiles/CMakeTmp/src.cxx:1: warning: ignoring ‘#pragma  ’ [-Wunknown-pragmas]
    1 | #pragma
      | 
Linking CXX executable cmTC_79fb9
/usr/bin/cmake -E cmake_link_script CMakeFiles/cmTC_79fb9.dir/link.txt --verbose=1
/usr/bin/c++ -O3 -DNDEBUG CMakeFiles/cmTC_79fb9.dir/src.cxx.o -o cmTC_79fb9 
gmake[1]: Leaving directory '/home/felipe/Desktop/graduation/2025.2/PDI/build/CMakeFiles/CMakeTmp'


===== END =====

Build output check failed:
    Regex: 'command[- ]line option .* is valid for .* but not for C\+\+'
    Output line: 'cc1plus: warning: command-line option ‘-Wstrict-prototypes’ is valid for C/ObjC but not for C++'
Compilation failed:
    source file: '/home/felipe/Desktop/graduation/2025.2/PDI/build/CMakeFiles/CMakeTmp/src.cxx'
    check option: ' -fsigned-char -W -Wall -Wreturn-type -Wnon-virtual-dtor -Waddress -Wsequence-point -Wformat -Wformat-security -Wmissing-declarations  -Wstrict-prototypes'
===== BUILD LOG =====
Change Dir: '/home/felipe/Desktop/graduation/2025.2/PDI/build/CMakeFiles/CMakeTmp'

Run Build Command(s): /usr/bin/cmake -E env VERBOSE=1 /usr/bin/gmake -f Makefile cmTC_b8adc/fast
/usr/bin/gmake  -f CMakeFiles/cmTC_b8adc.dir/build.make CMakeFiles/cmTC_b8adc.dir/build
gmake[1]: Entering directory '/home/felipe/Desktop/graduation/2025.2/PDI/build/CMakeFiles/CMakeTmp'
Building CXX object CMakeFiles/cmTC_b8adc.dir/src.cxx.o
/usr/bin/c++   -O3 -DNDEBUG -std=c++11 -fPIE    -fsigned-char -W -Wall -Wreturn-type -Wnon-virtual-dtor -Waddress -Wsequence-point -Wformat -Wformat-security -Wmissing-declarations  -Wstrict-prototypes -o CMakeFiles/cmTC_b8adc.dir/src.cxx.o -c /home/felipe/Desktop/graduation/2025.2/PDI/build/CMakeFiles/CMakeTmp/src.cxx
cc1plus: warning: command-line option ‘-Wstrict-prototypes’ is valid for C/ObjC but not for C++
/home/felipe/Desktop/graduation/2025.2/PDI/build/CMakeFiles/CMakeTmp/src.cxx:1: warning: ignoring ‘#pragma  ’ [-Wunknown-pragmas]
    1 | #pragma
      | 
Linking CXX executable cmTC_b8adc
/usr/bin/cmake -E cmake_link_script CMakeFiles/cmTC_b8adc.dir/link.txt --verbose=1
/usr/bin/c++ -O3 -DNDEBUG CMakeFiles/cmTC_b8adc.dir/src.cxx.o -o cmTC_b8adc 
gmake[1]: Leaving directory '/home/felipe/Desktop/graduation/2025.2/PDI/build/CMakeFiles/CMakeTmp'


===== END =====

Build output check failed:
    Regex: 'command[- ]line option .* is valid for .* but not for C'
    Output line: 'cc1: warning: command-line option ‘-Wsign-promo’ is valid for C++/ObjC++ but not for C'
Compilation failed:
    source file: '/home/felipe/Desktop/graduation/2025.2/PDI/build/CMakeFiles/CMakeTmp/src.c'
    check option: ' -fsigned-char -W -Wall -Wreturn-type -Waddress -Wsequence-point -Wformat -Wformat-security -Wmissing-declarations -Wmissing-prototypes -Wstrict-prototypes -Wundef -Winit-self -Wpointer-arith -Wshadow  -Wsign-promo'
===== BUILD LOG =====
Change Dir: '/home/felipe/Desktop/graduation/2025.2/PDI/build/CMakeFiles/CMakeTmp'

Run Build Command(s): /usr/bin/cmake -E env VERBOSE=1 /usr/bin/gmake -f Makefile cmTC_b923e/fast
/usr/bin/gmake  -f CMakeFiles/cmTC_b923e.dir/build.make CMakeFiles/cmTC_b923e.dir/build
gmake[1]: Entering directory '/home/felipe/Desktop/graduation/2025.2/PDI/build/CMakeFiles/CMakeTmp'
Building C object CMakeFiles/cmTC_b923e.dir/src.c.o
/usr/bin/cc   -O3 -DNDEBUG -fPIE    -fsigned-char -W -Wall -Wreturn-type -Waddress -Wsequence-point -Wformat -Wformat-security -Wmissing-declarations -Wmissing-prototypes -Wstrict-prototypes -Wundef -Winit-self -Wpointer-arith -Wshadow  -Wsign-promo -o CMakeFiles/cmTC_b923e.dir/src.c.o -c /home/felipe/Desktop/graduation/2025.2/PDI/build/CMakeFiles/CMakeTmp/src.c
cc1: warning: command-line option ‘-Wsign-promo’ is valid for C++/ObjC++ but not for C
/home/felipe/Desktop/graduation/2025.2/PDI/build/CMakeFiles/CMakeTmp/src.c:1: warning: ignoring ‘#pragma  ’ [-Wunknown-pragmas]
    1 | #pragma
      | 
Linking C executable cmTC_b923e
/usr/bin/cmake -E cmake_link_script CMakeFiles/cmTC_b923e.dir/link.txt --verbose=1
/usr/bin/cc -O3 -DNDEBUG CMakeFiles/cmTC_b923e.dir/src.c.o -o cmTC_b923e 
gmake[1]: Leaving directory '/home/felipe/Desktop/graduation/2025.2/PDI/build/CMakeFiles/CMakeTmp'


===== END =====

Build output check failed:
    Regex: 'command[- ]line option .* is valid for .* but not for C'
    Output line: 'cc1: warning: command-line option ‘-Wsuggest-override’ is valid for C++/ObjC++ but not for C'
Compilation failed:
    source file: '/home/felipe/Desktop/graduation/2025.2/PDI/build/CMakeFiles/CMakeTmp/src.c'
    check option: ' -fsigned-char -W -Wall -Wreturn-type -Waddress -Wsequence-point -Wformat -Wformat-security -Wmissing-declarations -Wmissing-prototypes -Wstrict-prototypes -Wundef -Winit-self -Wpointer-arith -Wshadow -Wuninitialized  -Wsuggest-override'
===== BUILD LOG =====
Change Dir: '/home/felipe/Desktop/graduation/2025.2/PDI/build/CMakeFiles/CMakeTmp'

Run Build Command(s): /usr/bin/cmake -E env VERBOSE=1 /usr/bin/gmake -f Makefile cmTC_20dd8/fast
/usr/bin/gmake  -f CMakeFiles/cmTC_20dd8.dir/build.make CMakeFiles/cmTC_20dd8.dir/build
gmake[1]: Entering directory '/home/felipe/Desktop/graduation/2025.2/PDI/build/CMakeFiles/CMakeTmp'
Building C object CMakeFiles/cmTC_20dd8.dir/src.c.o
/usr/bin/cc   -O3 -DNDEBUG -fPIE    -fsigned-char -W -Wall -Wreturn-type -Waddress -Wsequence-point -Wformat -Wformat-security -Wmissing-declarations -Wmissing-prototypes -Wstrict-prototypes -Wundef -Winit-self -Wpointer-arith -Wshadow -Wuninitialized  -Wsuggest-override -o CMakeFiles/cmTC_20dd8.dir/src.c.o -c /home/felipe/Desktop/graduation/2025.2/PDI/build/CMakeFiles/CMakeTmp/src.c
cc1: warning: command-line option ‘-Wsuggest-override’ is valid for C++/ObjC++ but not for C
/home/felipe/Desktop/graduation/2025.2/PDI/build/CMakeFiles/CMakeTmp/src.c:1: warning: ignoring ‘#pragma  ’ [-Wunknown-pragmas]
    1 | #pragma
      | 
Linking C executable cmTC_20dd8
/usr/bin/cmake -E cmake_link_script CMakeFiles/cmTC_20dd8.dir/link.txt --verbose=1
/usr/bin/cc -O3 -DNDEBUG CMakeFiles/cmTC_20dd8.dir/src.c.o -o cmTC_20dd8 
gmake[1]: Leaving directory '/home/felipe/Desktop/graduation/2025.2/PDI/build/CMakeFiles/CMakeTmp'


===== END =====

Build output check failed:
    Regex: 'command[- ]line option .* is valid for .* but not for C'
    Output line: 'cc1: warning: command-line option ‘-Wno-delete-non-virtual-dtor’ is valid for C++/ObjC++ but not for C'
Compilation failed:
    source file: '/home/felipe/Desktop/graduation/2025.2/PDI/build/CMakeFiles/CMakeTmp/src.c'
    check option: ' -fsigned-char -W -Wall -Wreturn-type -Waddress -Wsequence-point -Wformat -Wformat-security -Wmissing-declarations -Wmissing-prototypes -Wstrict-prototypes -Wundef -Winit-self -Wpointer-arith -Wshadow -Wuninitialized  -Wno-delete-non-virtual-dtor'
===== BUILD LOG =====
Change Dir: '/home/felipe/Desktop/graduation/2025.2/PDI/build/CMakeFiles/CMakeTmp'

Run Build Command(s): /usr/bin/cmake -E env VERBOSE=1 /usr/bin/gmake -f Makefile cmTC_19263/fast
/usr/bin/gmake  -f CMakeFiles/cmTC_19263.dir/build.make CMakeFiles/cmTC_19263.dir/build
gmake[1]: Entering directory '/home/felipe/Desktop/graduation/2025.2/PDI/build/CMakeFiles/CMakeTmp'
Building C object CMakeFiles/cmTC_19263.dir/src.c.o
/usr/bin/cc   -O3 -DNDEBUG -fPIE    -fsigned-char -W -Wall -Wreturn-type -Waddress -Wsequence-point -Wformat -Wformat-security -Wmissing-declarations -Wmissing-prototypes -Wstrict-prototypes -Wundef -Winit-self -Wpointer-arith -Wshadow -Wuninitialized  -Wno-delete-non-virtual-dtor -o CMakeFiles/cmTC_19263.dir/src.c.o -c /home/felipe/Desktop/graduation/2025.2/PDI/build/CMakeFiles/CMakeTmp/src.c
cc1: warning: command-line option ‘-Wno-delete-non-virtual-dtor’ is valid for C++/ObjC++ but not for C
/home/felipe/Desktop/graduation/2025.2/PDI/build/CMakeFiles/CMakeTmp/src.c:1: warning: ignoring ‘#pragma  ’ [-Wunknown-pragmas]
    1 | #pragma
      | 
Linking C executable cmTC_19263
/usr/bin/cmake -E cmake_link_script CMakeFiles/cmTC_19263.dir/link.txt --verbose=1
/usr/bin/cc -O3 -DNDEBUG CMakeFiles/cmTC_19263.dir/src.c.o -o cmTC_19263 
gmake[1]: Leaving directory '/home/felipe/Desktop/graduation/2025.2/PDI/build/CMakeFiles/CMakeTmp'


===== END =====

Build output check failed:
    Regex: 'unrecognized .*option'
    Output line: 'cc1plus: note: unrecognized command-line option ‘-Wno-unnamed-type-template-args’ may have been intended to silence earlier diagnostics'
Compilation failed:
    source file: '/home/felipe/Desktop/graduation/2025.2/PDI/build/CMakeFiles/CMakeTmp/src.cxx'
    check option: ' -fsigned-char -W -Wall -Wreturn-type -Wnon-virtual-dtor -Waddress -Wsequence-point -Wformat -Wformat-security -Wmissing-declarations -Wundef -Winit-self -Wpointer-arith -Wshadow -Wsign-promo -Wuninitialized -Wsuggest-override -Wno-delete-non-virtual-dtor  -Wno-unnamed-type-template-args'
===== BUILD LOG =====
Change Dir: '/home/felipe/Desktop/graduation/2025.2/PDI/build/CMakeFiles/CMakeTmp'

Run Build Command(s): /usr/bin/cmake -E env VERBOSE=1 /usr/bin/gmake -f Makefile cmTC_211c8/fast
/usr/bin/gmake  -f CMakeFiles/cmTC_211c8.dir/build.make CMakeFiles/cmTC_211c8.dir/build
gmake[1]: Entering directory '/home/felipe/Desktop/graduation/2025.2/PDI/build/CMakeFiles/CMakeTmp'
Building CXX object CMakeFiles/cmTC_211c8.dir/src.cxx.o
/usr/bin/c++   -O3 -DNDEBUG -std=c++11 -fPIE    -fsigned-char -W -Wall -Wreturn-type -Wnon-virtual-dtor -Waddress -Wsequence-point -Wformat -Wformat-security -Wmissing-declarations -Wundef -Winit-self -Wpointer-arith -Wshadow -Wsign-promo -Wuninitialized -Wsuggest-override -Wno-delete-non-virtual-dtor  -Wno-unnamed-type-template-args -o CMakeFiles/cmTC_211c8.dir/src.cxx.o -c /home/felipe/Desktop/graduation/2025.2/PDI/build/CMakeFiles/CMakeTmp/src.cxx
/home/felipe/Desktop/graduation/2025.2/PDI/build/CMakeFiles/CMakeTmp/src.cxx:1: warning: ignoring ‘#pragma  ’ [-Wunknown-pragmas]
    1 | #pragma
      | 
cc1plus: note: unrecognized command-line option ‘-Wno-unnamed-type-template-args’ may have been intended to silence earlier diagnostics
Linking CXX executable cmTC_211c8
/usr/bin/cmake -E cmake_link_script CMakeFiles/cmTC_211c8.dir/link.txt --verbose=1
/usr/bin/c++ -O3 -DNDEBUG CMakeFiles/cmTC_211c8.dir/src.cxx.o -o cmTC_211c8 
gmake[1]: Leaving directory '/home/felipe/Desktop/graduation/2025.2/PDI/build/CMakeFiles/CMakeTmp'


===== END =====

Build output check failed:
    Regex: 'unrecognized .*option'
    Output line: 'cc1: note: unrecognized command-line option ‘-Wno-unnamed-type-template-args’ may have been intended to silence earlier diagnostics'
Compilation failed:
    source file: '/home/felipe/Desktop/graduation/2025.2/PDI/build/CMakeFiles/CMakeTmp/src.c'
    check option: ' -fsigned-char -W -Wall -Wreturn-type -Waddress -Wsequence-point -Wformat -Wformat-security -Wmissing-declarations -Wmissing-prototypes -Wstrict-prototypes -Wundef -Winit-self -Wpointer-arith -Wshadow -Wuninitialized  -Wno-unnamed-type-template-args'
===== BUILD LOG =====
Change Dir: '/home/felipe/Desktop/graduation/2025.2/PDI/build/CMakeFiles/CMakeTmp'

Run Build Command(s): /usr/bin/cmake -E env VERBOSE=1 /usr/bin/gmake -f Makefile cmTC_ca2d7/fast
/usr/bin/gmake  -f CMakeFiles/cmTC_ca2d7.dir/build.make CMakeFiles/cmTC_ca2d7.dir/build
gmake[1]: Entering directory '/home/felipe/Desktop/graduation/2025.2/PDI/build/CMakeFiles/CMakeTmp'
Building C object CMakeFiles/cmTC_ca2d7.dir/src.c.o
/usr/bin/cc   -O3 -DNDEBUG -fPIE    -fsigned-char -W -Wall -Wreturn-type -Waddress -Wsequence-point -Wformat -Wformat-security -Wmissing-declarations -Wmissing-prototypes -Wstrict-prototypes -Wundef -Winit-self -Wpointer-arith -Wshadow -Wuninitialized  -Wno-unnamed-type-template-args -o CMakeFiles/cmTC_ca2d7.dir/src.c.o -c /home/felipe/Desktop/graduation/2025.2/PDI/build/CMakeFiles/CMakeTmp/src.c
/home/felipe/Desktop/graduation/2025.2/PDI/build/CMakeFiles/CMakeTmp/src.c:1: warning: ignoring ‘#pragma  ’ [-Wunknown-pragmas]
    1 | #pragma
      | 
cc1: note: unrecognized command-line option ‘-Wno-unnamed-type-template-args’ may have been intended to silence earlier diagnostics
Linking C executable cmTC_ca2d7
/usr/bin/cmake -E cmake_link_script CMakeFiles/cmTC_ca2d7.dir/link.txt --verbose=1
/usr/bin/cc -O3 -DNDEBUG CMakeFiles/cmTC_ca2d7.dir/src.c.o -o cmTC_ca2d7 
gmake[1]: Leaving directory '/home/felipe/Desktop/graduation/2025.2/PDI/build/CMakeFiles/CMakeTmp'


===== END =====

Compilation failed:
    source file: '/home/felipe/Desktop/graduation/2025.2/PDI/opencv/cmake/checks/cpu_sse3.cpp'
    check option: ''
===== BUILD LOG =====
Change Dir: '/home/felipe/Desktop/graduation/2025.2/PDI/build/CMakeFiles/CMakeTmp'

Run Build Command(s): /usr/bin/cmake -E env VERBOSE=1 /usr/bin/gmake -f Makefile cmTC_75cc3/fast
/usr/bin/gmake  -f CMakeFiles/cmTC_75cc3.dir/build.make CMakeFiles/cmTC_75cc3.dir/build
gmake[1]: Entering directory '/home/felipe/Desktop/graduation/2025.2/PDI/build/CMakeFiles/CMakeTmp'
Building CXX object CMakeFiles/cmTC_75cc3.dir/cpu_sse3.cpp.o
/usr/bin/c++   -O3 -DNDEBUG -std=c++11 -fPIE -o CMakeFiles/cmTC_75cc3.dir/cpu_sse3.cpp.o -c /home/felipe/Desktop/graduation/2025.2/PDI/opencv/cmake/checks/cpu_sse3.cpp
In file included from /home/felipe/Desktop/graduation/2025.2/PDI/opencv/cmake/checks/cpu_sse3.cpp:1:
/usr/lib/gcc/x86_64-linux-gnu/13/include/pmmintrin.h: In function ‘int main()’:
/usr/lib/gcc/x86_64-linux-gnu/13/include/pmmintrin.h:75:1: error: inlining failed in call to ‘always_inline’ ‘__m128 _mm_moveldup_ps(__m128)’: target specific option mismatch
   75 | _mm_moveldup_ps (__m128 __X)
      | ^~~~~~~~~~~~~~~
/home/felipe/Desktop/graduation/2025.2/PDI/opencv/cmake/checks/cpu_sse3.cpp:5:24: note: called from here
    5 |     v = _mm_moveldup_ps(u); // SSE3
      |         ~~~~~~~~~~~~~~~^~~
/usr/lib/gcc/x86_64-linux-gnu/13/include/pmmintrin.h:75:1: error: inlining failed in call to ‘always_inline’ ‘__m128 _mm_moveldup_ps(__m128)’: target specific option mismatch
   75 | _mm_moveldup_ps (__m128 __X)
      | ^~~~~~~~~~~~~~~
/home/felipe/Desktop/graduation/2025.2/PDI/opencv/cmake/checks/cpu_sse3.cpp:5:24: note: called from here
    5 |     v = _mm_moveldup_ps(u); // SSE3
      |         ~~~~~~~~~~~~~~~^~~
gmake[1]: *** [CMakeFiles/cmTC_75cc3.dir/build.make:78: CMakeFiles/cmTC_75cc3.dir/cpu_sse3.cpp.o] Error 1
gmake[1]: Leaving directory '/home/felipe/Desktop/graduation/2025.2/PDI/build/CMakeFiles/CMakeTmp'
gmake: *** [Makefile:127: cmTC_75cc3/fast] Error 2


===== END =====

Build output check failed:
    Regex: 'command[- ]line option .* is valid for .* but not for C'
    Output line: 'cc1: warning: command-line option ‘-fvisibility-inlines-hidden’ is valid for C++/ObjC++ but not for C'
Compilation failed:
    source file: '/home/felipe/Desktop/graduation/2025.2/PDI/build/CMakeFiles/CMakeTmp/src.c'
    check option: ' -fsigned-char -W -Wall -Wreturn-type -Waddress -Wsequence-point -Wformat -Wformat-security -Wmissing-declarations -Wmissing-prototypes -Wstrict-prototypes -Wundef -Winit-self -Wpointer-arith -Wshadow -Wuninitialized -Wno-comment -Wimplicit-fallthrough=3 -Wno-strict-overflow -fdiagnostics-show-option -pthread -fomit-frame-pointer -ffunction-sections -fdata-sections  -msse3 -fvisibility=hidden  -fvisibility-inlines-hidden'
===== BUILD LOG =====
Change Dir: '/home/felipe/Desktop/graduation/2025.2/PDI/build/CMakeFiles/CMakeTmp'

Run Build Command(s): /usr/bin/cmake -E env VERBOSE=1 /usr/bin/gmake -f Makefile cmTC_3a34b/fast
/usr/bin/gmake  -f CMakeFiles/cmTC_3a34b.dir/build.make CMakeFiles/cmTC_3a34b.dir/build
gmake[1]: Entering directory '/home/felipe/Desktop/graduation/2025.2/PDI/build/CMakeFiles/CMakeTmp'
Building C object CMakeFiles/cmTC_3a34b.dir/src.c.o
/usr/bin/cc   -O3 -DNDEBUG -fPIE    -fsigned-char -W -Wall -Wreturn-type -Waddress -Wsequence-point -Wformat -Wformat-security -Wmissing-declarations -Wmissing-prototypes -Wstrict-prototypes -Wundef -Winit-self -Wpointer-arith -Wshadow -Wuninitialized -Wno-comment -Wimplicit-fallthrough=3 -Wno-strict-overflow -fdiagnostics-show-option -pthread -fomit-frame-pointer -ffunction-sections -fdata-sections  -msse3 -fvisibility=hidden  -fvisibility-inlines-hidden -o CMakeFiles/cmTC_3a34b.dir/src.c.o -c /home/felipe/Desktop/graduation/2025.2/PDI/build/CMakeFiles/CMakeTmp/src.c
cc1: warning: command-line option ‘-fvisibility-inlines-hidden’ is valid for C++/ObjC++ but not for C
/home/felipe/Desktop/graduation/2025.2/PDI/build/CMakeFiles/CMakeTmp/src.c:1: warning: ignoring ‘#pragma  ’ [-Wunknown-pragmas]
    1 | #pragma
      | 
Linking C executable cmTC_3a34b
/usr/bin/cmake -E cmake_link_script CMakeFiles/cmTC_3a34b.dir/link.txt --verbose=1
/usr/bin/cc -O3 -DNDEBUG CMakeFiles/cmTC_3a34b.dir/src.c.o -o cmTC_3a34b 
gmake[1]: Leaving directory '/home/felipe/Desktop/graduation/2025.2/PDI/build/CMakeFiles/CMakeTmp'


===== END =====

Build output check failed:
    Regex: 'unrecognized .*option'
    Output line: 'cc1: note: unrecognized command-line option ‘-Wno-implicit-const-int-float-conversion’ may have been intended to silence earlier diagnostics'
Compilation failed:
    source file: '/home/felipe/Desktop/graduation/2025.2/PDI/build/CMakeFiles/CMakeTmp/src.c'
    check option: ' -Wno-implicit-const-int-float-conversion'
===== BUILD LOG =====
Change Dir: '/home/felipe/Desktop/graduation/2025.2/PDI/build/CMakeFiles/CMakeTmp'

Run Build Command(s): /usr/bin/cmake -E env VERBOSE=1 /usr/bin/gmake -f Makefile cmTC_37b17/fast
/usr/bin/gmake  -f CMakeFiles/cmTC_37b17.dir/build.make CMakeFiles/cmTC_37b17.dir/build
gmake[1]: Entering directory '/home/felipe/Desktop/graduation/2025.2/PDI/build/CMakeFiles/CMakeTmp'
Building C object CMakeFiles/cmTC_37b17.dir/src.c.o
/usr/bin/cc   -fsigned-char -W -Wall -Wreturn-type -Waddress -Wsequence-point -Wformat -Wformat-security -Wmissing-declarations -Wmissing-prototypes -Wstrict-prototypes -Wundef -Winit-self -Wpointer-arith -Wshadow -Wuninitialized -Wno-comment -Wimplicit-fallthrough=3 -Wno-strict-overflow -fdiagnostics-show-option -pthread -fomit-frame-pointer -ffunction-sections -fdata-sections  -msse3 -fvisibility=hidden  -O3 -DNDEBUG  -DNDEBUG -fPIE    -Wno-implicit-const-int-float-conversion -o CMakeFiles/cmTC_37b17.dir/src.c.o -c /home/felipe/Desktop/graduation/2025.2/PDI/build/CMakeFiles/CMakeTmp/src.c
/home/felipe/Desktop/graduation/2025.2/PDI/build/CMakeFiles/CMakeTmp/src.c:1: warning: ignoring ‘#pragma  ’ [-Wunknown-pragmas]
    1 | #pragma
      | 
cc1: note: unrecognized command-line option ‘-Wno-implicit-const-int-float-conversion’ may have been intended to silence earlier diagnostics
Linking C executable cmTC_37b17
/usr/bin/cmake -E cmake_link_script CMakeFiles/cmTC_37b17.dir/link.txt --verbose=1
/usr/bin/cc    -fsigned-char -W -Wall -Wreturn-type -Waddress -Wsequence-point -Wformat -Wformat-security -Wmissing-declarations -Wmissing-prototypes -Wstrict-prototypes -Wundef -Winit-self -Wpointer-arith -Wshadow -Wuninitialized -Wno-comment -Wimplicit-fallthrough=3 -Wno-strict-overflow -fdiagnostics-show-option -pthread -fomit-frame-pointer -ffunction-sections -fdata-sections  -msse3 -fvisibility=hidden  -O3 -DNDEBUG  -DNDEBUG   -Wl,--gc-sections -Wl,--as-needed -Wl,--no-undefined  CMakeFiles/cmTC_37b17.dir/src.c.o -o cmTC_37b17 
gmake[1]: Leaving directory '/home/felipe/Desktop/graduation/2025.2/PDI/build/CMakeFiles/CMakeTmp'


===== END =====

Build output check failed:
    Regex: 'unrecognized .*option'
    Output line: 'cc1: note: unrecognized command-line option ‘-Wno-documentation’ may have been intended to silence earlier diagnostics'
Compilation failed:
    source file: '/home/felipe/Desktop/graduation/2025.2/PDI/build/CMakeFiles/CMakeTmp/src.c'
    check option: ' -Wno-documentation'
===== BUILD LOG =====
Change Dir: '/home/felipe/Desktop/graduation/2025.2/PDI/build/CMakeFiles/CMakeTmp'

Run Build Command(s): /usr/bin/cmake -E env VERBOSE=1 /usr/bin/gmake -f Makefile cmTC_e0284/fast
/usr/bin/gmake  -f CMakeFiles/cmTC_e0284.dir/build.make CMakeFiles/cmTC_e0284.dir/build
gmake[1]: Entering directory '/home/felipe/Desktop/graduation/2025.2/PDI/build/CMakeFiles/CMakeTmp'
Building C object CMakeFiles/cmTC_e0284.dir/src.c.o
/usr/bin/cc   -fsigned-char -W -Wall -Wreturn-type -Waddress -Wsequence-point -Wformat -Wformat-security -Wstrict-prototypes -Wundef -Winit-self -Wpointer-arith -Wshadow -Wuninitialized -Wno-comment -Wimplicit-fallthrough=3 -Wno-strict-overflow -fdiagnostics-show-option -pthread -fomit-frame-pointer -ffunction-sections -fdata-sections  -msse3 -fvisibility=hidden -Wno-unused-but-set-variable -Wno-missing-prototypes -Wno-missing-declarations  -O3 -DNDEBUG  -DNDEBUG -fPIE    -Wno-documentation -o CMakeFiles/cmTC_e0284.dir/src.c.o -c /home/felipe/Desktop/graduation/2025.2/PDI/build/CMakeFiles/CMakeTmp/src.c
/home/felipe/Desktop/graduation/2025.2/PDI/build/CMakeFiles/CMakeTmp/src.c:1: warning: ignoring ‘#pragma  ’ [-Wunknown-pragmas]
    1 | #pragma
      | 
cc1: note: unrecognized command-line option ‘-Wno-documentation’ may have been intended to silence earlier diagnostics
Linking C executable cmTC_e0284
/usr/bin/cmake -E cmake_link_script CMakeFiles/cmTC_e0284.dir/link.txt --verbose=1
/usr/bin/cc    -fsigned-char -W -Wall -Wreturn-type -Waddress -Wsequence-point -Wformat -Wformat-security -Wstrict-prototypes -Wundef -Winit-self -Wpointer-arith -Wshadow -Wuninitialized -Wno-comment -Wimplicit-fallthrough=3 -Wno-strict-overflow -fdiagnostics-show-option -pthread -fomit-frame-pointer -ffunction-sections -fdata-sections  -msse3 -fvisibility=hidden -Wno-unused-but-set-variable -Wno-missing-prototypes -Wno-missing-declarations  -O3 -DNDEBUG  -DNDEBUG   -Wl,--gc-sections -Wl,--as-needed -Wl,--no-undefined  CMakeFiles/cmTC_e0284.dir/src.c.o -o cmTC_e0284 
gmake[1]: Leaving directory '/home/felipe/Desktop/graduation/2025.2/PDI/build/CMakeFiles/CMakeTmp'


===== END =====

Build output check failed:
    Regex: 'unrecognized .*option'
    Output line: 'cc1plus: note: unrecognized command-line option ‘-Wno-inconsistent-missing-override’ may have been intended to silence earlier diagnostics'
Compilation failed:
    source file: '/home/felipe/Desktop/graduation/2025.2/PDI/build/CMakeFiles/CMakeTmp/src.cxx'
    check option: ' -Wno-inconsistent-missing-override'
===== BUILD LOG =====
Change Dir: '/home/felipe/Desktop/graduation/2025.2/PDI/build/CMakeFiles/CMakeTmp'

Run Build Command(s): /usr/bin/cmake -E env VERBOSE=1 /usr/bin/gmake -f Makefile cmTC_34d0a/fast
/usr/bin/gmake  -f CMakeFiles/cmTC_34d0a.dir/build.make CMakeFiles/cmTC_34d0a.dir/build
gmake[1]: Entering directory '/home/felipe/Desktop/graduation/2025.2/PDI/build/CMakeFiles/CMakeTmp'
Building CXX object CMakeFiles/cmTC_34d0a.dir/src.cxx.o
/usr/bin/c++   -fsigned-char -W -Wall -Wreturn-type -Wnon-virtual-dtor -Waddress -Wsequence-point -Wformat -Wformat-security -Winit-self -Wpointer-arith -Wsign-promo -Wno-delete-non-virtual-dtor -Wno-comment -Wimplicit-fallthrough=3 -Wno-strict-overflow -fdiagnostics-show-option -pthread -fomit-frame-pointer -ffunction-sections -fdata-sections  -msse3 -fvisibility=hidden -fvisibility-inlines-hidden -Wno-shadow -Wno-unused -Wno-sign-compare -Wno-undef -Wno-missing-declarations -Wno-uninitialized -Wno-switch -Wno-parentheses -Wno-array-bounds -Wno-extra -Wno-deprecated-declarations -Wno-misleading-indentation -Wno-deprecated -Wno-suggest-override  -O3 -DNDEBUG  -DNDEBUG -std=c++11 -fPIE    -Wno-inconsistent-missing-override -o CMakeFiles/cmTC_34d0a.dir/src.cxx.o -c /home/felipe/Desktop/graduation/2025.2/PDI/build/CMakeFiles/CMakeTmp/src.cxx
/home/felipe/Desktop/graduation/2025.2/PDI/build/CMakeFiles/CMakeTmp/src.cxx:1: warning: ignoring ‘#pragma  ’ [-Wunknown-pragmas]
    1 | #pragma
      | 
cc1plus: note: unrecognized command-line option ‘-Wno-inconsistent-missing-override’ may have been intended to silence earlier diagnostics
Linking CXX executable cmTC_34d0a
/usr/bin/cmake -E cmake_link_script CMakeFiles/cmTC_34d0a.dir/link.txt --verbose=1
/usr/bin/c++    -fsigned-char -W -Wall -Wreturn-type -Wnon-virtual-dtor -Waddress -Wsequence-point -Wformat -Wformat-security -Winit-self -Wpointer-arith -Wsign-promo -Wno-delete-non-virtual-dtor -Wno-comment -Wimplicit-fallthrough=3 -Wno-strict-overflow -fdiagnostics-show-option -pthread -fomit-frame-pointer -ffunction-sections -fdata-sections  -msse3 -fvisibility=hidden -fvisibility-inlines-hidden -Wno-shadow -Wno-unused -Wno-sign-compare -Wno-undef -Wno-missing-declarations -Wno-uninitialized -Wno-switch -Wno-parentheses -Wno-array-bounds -Wno-extra -Wno-deprecated-declarations -Wno-misleading-indentation -Wno-deprecated -Wno-suggest-override  -O3 -DNDEBUG  -DNDEBUG   -Wl,--gc-sections -Wl,--as-needed -Wl,--no-undefined  CMakeFiles/cmTC_34d0a.dir/src.cxx.o -o cmTC_34d0a 
gmake[1]: Leaving directory '/home/felipe/Desktop/graduation/2025.2/PDI/build/CMakeFiles/CMakeTmp'


===== END =====

Build output check failed:
    Regex: 'command[- ]line option .* is valid for .* but not for C\+\+'
    Output line: 'cc1plus: warning: command-line option ‘-Wno-missing-prototypes’ is valid for C/ObjC but not for C++'
Compilation failed:
    source file: '/home/felipe/Desktop/graduation/2025.2/PDI/build/CMakeFiles/CMakeTmp/src.cxx'
    check option: ' -Wno-missing-prototypes'
===== BUILD LOG =====
Change Dir: '/home/felipe/Desktop/graduation/2025.2/PDI/build/CMakeFiles/CMakeTmp'

Run Build Command(s): /usr/bin/cmake -E env VERBOSE=1 /usr/bin/gmake -f Makefile cmTC_4e1e7/fast
/usr/bin/gmake  -f CMakeFiles/cmTC_4e1e7.dir/build.make CMakeFiles/cmTC_4e1e7.dir/build
gmake[1]: Entering directory '/home/felipe/Desktop/graduation/2025.2/PDI/build/CMakeFiles/CMakeTmp'
Building CXX object CMakeFiles/cmTC_4e1e7.dir/src.cxx.o
/usr/bin/c++   -fsigned-char -W -Wall -Wreturn-type -Wnon-virtual-dtor -Waddress -Wsequence-point -Wformat -Wformat-security -Winit-self -Wpointer-arith -Wsign-promo -Wno-delete-non-virtual-dtor -Wno-comment -Wno-strict-overflow -fdiagnostics-show-option -pthread -fomit-frame-pointer -ffunction-sections -fdata-sections  -msse3 -fvisibility=hidden -fvisibility-inlines-hidden -Wno-shadow -Wno-unused -Wno-sign-compare -Wno-undef -Wno-missing-declarations -Wno-uninitialized -Wno-switch -Wno-parentheses -Wno-array-bounds -Wno-extra -Wno-deprecated-declarations -Wno-misleading-indentation -Wno-deprecated -Wno-suggest-override -Wno-implicit-fallthrough -Wno-tautological-compare  -O3 -DNDEBUG  -DNDEBUG -std=c++11 -fPIE    -Wno-missing-prototypes -o CMakeFiles/cmTC_4e1e7.dir/src.cxx.o -c /home/felipe/Desktop/graduation/2025.2/PDI/build/CMakeFiles/CMakeTmp/src.cxx
cc1plus: warning: command-line option ‘-Wno-missing-prototypes’ is valid for C/ObjC but not for C++
/home/felipe/Desktop/graduation/2025.2/PDI/build/CMakeFiles/CMakeTmp/src.cxx:1: warning: ignoring ‘#pragma  ’ [-Wunknown-pragmas]
    1 | #pragma
      | 
Linking CXX executable cmTC_4e1e7
/usr/bin/cmake -E cmake_link_script CMakeFiles/cmTC_4e1e7.dir/link.txt --verbose=1
/usr/bin/c++    -fsigned-char -W -Wall -Wreturn-type -Wnon-virtual-dtor -Waddress -Wsequence-point -Wformat -Wformat-security -Winit-self -Wpointer-arith -Wsign-promo -Wno-delete-non-virtual-dtor -Wno-comment -Wno-strict-overflow -fdiagnostics-show-option -pthread -fomit-frame-pointer -ffunction-sections -fdata-sections  -msse3 -fvisibility=hidden -fvisibility-inlines-hidden -Wno-shadow -Wno-unused -Wno-sign-compare -Wno-undef -Wno-missing-declarations -Wno-uninitialized -Wno-switch -Wno-parentheses -Wno-array-bounds -Wno-extra -Wno-deprecated-declarations -Wno-misleading-indentation -Wno-deprecated -Wno-suggest-override -Wno-implicit-fallthrough -Wno-tautological-compare  -O3 -DNDEBUG  -DNDEBUG   -Wl,--gc-sections -Wl,--as-needed -Wl,--no-undefined  CMakeFiles/cmTC_4e1e7.dir/src.cxx.o -o cmTC_4e1e7 
gmake[1]: Leaving directory '/home/felipe/Desktop/graduation/2025.2/PDI/build/CMakeFiles/CMakeTmp'


===== END =====

Build output check failed:
    Regex: 'unrecognized .*option'
    Output line: 'cc1plus: note: unrecognized command-line option ‘-Wno-implicit-const-int-float-conversion’ may have been intended to silence earlier diagnostics'
Compilation failed:
    source file: '/home/felipe/Desktop/graduation/2025.2/PDI/build/CMakeFiles/CMakeTmp/src.cxx'
    check option: ' -Wno-implicit-const-int-float-conversion'
===== BUILD LOG =====
Change Dir: '/home/felipe/Desktop/graduation/2025.2/PDI/build/CMakeFiles/CMakeTmp'

Run Build Command(s): /usr/bin/cmake -E env VERBOSE=1 /usr/bin/gmake -f Makefile cmTC_9ef6a/fast
/usr/bin/gmake  -f CMakeFiles/cmTC_9ef6a.dir/build.make CMakeFiles/cmTC_9ef6a.dir/build
gmake[1]: Entering directory '/home/felipe/Desktop/graduation/2025.2/PDI/build/CMakeFiles/CMakeTmp'
Building CXX object CMakeFiles/cmTC_9ef6a.dir/src.cxx.o
/usr/bin/c++   -fsigned-char -W -Wall -Wreturn-type -Wnon-virtual-dtor -Waddress -Wsequence-point -Wformat -Wformat-security -Winit-self -Wpointer-arith -Wsign-promo -Wno-delete-non-virtual-dtor -Wno-comment -Wno-strict-overflow -fdiagnostics-show-option -pthread -fomit-frame-pointer -ffunction-sections -fdata-sections  -msse3 -fvisibility=hidden -fvisibility-inlines-hidden -Wno-shadow -Wno-unused -Wno-sign-compare -Wno-undef -Wno-missing-declarations -Wno-uninitialized -Wno-switch -Wno-parentheses -Wno-array-bounds -Wno-extra -Wno-deprecated-declarations -Wno-misleading-indentation -Wno-deprecated -Wno-suggest-override -Wno-implicit-fallthrough -Wno-tautological-compare -Wno-reorder -Wno-unused-result  -O3 -DNDEBUG  -DNDEBUG -std=c++11 -fPIE    -Wno-implicit-const-int-float-conversion -o CMakeFiles/cmTC_9ef6a.dir/src.cxx.o -c /home/felipe/Desktop/graduation/2025.2/PDI/build/CMakeFiles/CMakeTmp/src.cxx
/home/felipe/Desktop/graduation/2025.2/PDI/build/CMakeFiles/CMakeTmp/src.cxx:1: warning: ignoring ‘#pragma  ’ [-Wunknown-pragmas]
    1 | #pragma
      | 
cc1plus: note: unrecognized command-line option ‘-Wno-implicit-const-int-float-conversion’ may have been intended to silence earlier diagnostics
Linking CXX executable cmTC_9ef6a
/usr/bin/cmake -E cmake_link_script CMakeFiles/cmTC_9ef6a.dir/link.txt --verbose=1
/usr/bin/c++    -fsigned-char -W -Wall -Wreturn-type -Wnon-virtual-dtor -Waddress -Wsequence-point -Wformat -Wformat-security -Winit-self -Wpointer-arith -Wsign-promo -Wno-delete-non-virtual-dtor -Wno-comment -Wno-strict-overflow -fdiagnostics-show-option -pthread -fomit-frame-pointer -ffunction-sections -fdata-sections  -msse3 -fvisibility=hidden -fvisibility-inlines-hidden -Wno-shadow -Wno-unused -Wno-sign-compare -Wno-undef -Wno-missing-declarations -Wno-uninitialized -Wno-switch -Wno-parentheses -Wno-array-bounds -Wno-extra -Wno-deprecated-declarations -Wno-misleading-indentation -Wno-deprecated -Wno-suggest-override -Wno-implicit-fallthrough -Wno-tautological-compare -Wno-reorder -Wno-unused-result  -O3 -DNDEBUG  -DNDEBUG   -Wl,--gc-sections -Wl,--as-needed -Wl,--no-undefined  CMakeFiles/cmTC_9ef6a.dir/src.cxx.o -o cmTC_9ef6a 
gmake[1]: Leaving directory '/home/felipe/Desktop/graduation/2025.2/PDI/build/CMakeFiles/CMakeTmp'


===== END =====

Build output check failed:
    Regex: 'unrecognized .*option'
    Output line: 'cc1plus: note: unrecognized command-line option ‘-Wno-tautological-undefined-compare’ may have been intended to silence earlier diagnostics'
Compilation failed:
    source file: '/home/felipe/Desktop/graduation/2025.2/PDI/build/CMakeFiles/CMakeTmp/src.cxx'
    check option: ' -Wno-tautological-undefined-compare'
===== BUILD LOG =====
Change Dir: '/home/felipe/Desktop/graduation/2025.2/PDI/build/CMakeFiles/CMakeTmp'

Run Build Command(s): /usr/bin/cmake -E env VERBOSE=1 /usr/bin/gmake -f Makefile cmTC_9e398/fast
/usr/bin/gmake  -f CMakeFiles/cmTC_9e398.dir/build.make CMakeFiles/cmTC_9e398.dir/build
gmake[1]: Entering directory '/home/felipe/Desktop/graduation/2025.2/PDI/build/CMakeFiles/CMakeTmp'
Building CXX object CMakeFiles/cmTC_9e398.dir/src.cxx.o
/usr/bin/c++   -fsigned-char -W -Wall -Wreturn-type -Wnon-virtual-dtor -Waddress -Wsequence-point -Wformat -Wformat-security -Winit-self -Wpointer-arith -Wuninitialized -Wsuggest-override -Wno-delete-non-virtual-dtor -Wno-comment -Wimplicit-fallthrough=3 -Wno-strict-overflow -fdiagnostics-show-option -pthread -fomit-frame-pointer -ffunction-sections -fdata-sections  -msse3 -fvisibility=hidden -fvisibility-inlines-hidden -Wno-deprecated -Wno-missing-declarations -Wno-shadow -Wno-unused-parameter -Wno-unused-local-typedefs -Wno-sign-compare -Wno-sign-promo -Wno-undef  -O3 -DNDEBUG  -DNDEBUG -std=c++11 -fPIE    -Wno-tautological-undefined-compare -o CMakeFiles/cmTC_9e398.dir/src.cxx.o -c /home/felipe/Desktop/graduation/2025.2/PDI/build/CMakeFiles/CMakeTmp/src.cxx
/home/felipe/Desktop/graduation/2025.2/PDI/build/CMakeFiles/CMakeTmp/src.cxx:1: warning: ignoring ‘#pragma  ’ [-Wunknown-pragmas]
    1 | #pragma
      | 
cc1plus: note: unrecognized command-line option ‘-Wno-tautological-undefined-compare’ may have been intended to silence earlier diagnostics
Linking CXX executable cmTC_9e398
/usr/bin/cmake -E cmake_link_script CMakeFiles/cmTC_9e398.dir/link.txt --verbose=1
/usr/bin/c++    -fsigned-char -W -Wall -Wreturn-type -Wnon-virtual-dtor -Waddress -Wsequence-point -Wformat -Wformat-security -Winit-self -Wpointer-arith -Wuninitialized -Wsuggest-override -Wno-delete-non-virtual-dtor -Wno-comment -Wimplicit-fallthrough=3 -Wno-strict-overflow -fdiagnostics-show-option -pthread -fomit-frame-pointer -ffunction-sections -fdata-sections  -msse3 -fvisibility=hidden -fvisibility-inlines-hidden -Wno-deprecated -Wno-missing-declarations -Wno-shadow -Wno-unused-parameter -Wno-unused-local-typedefs -Wno-sign-compare -Wno-sign-promo -Wno-undef  -O3 -DNDEBUG  -DNDEBUG   -Wl,--gc-sections -Wl,--as-needed -Wl,--no-undefined  CMakeFiles/cmTC_9e398.dir/src.cxx.o -o cmTC_9e398 
gmake[1]: Leaving directory '/home/felipe/Desktop/graduation/2025.2/PDI/build/CMakeFiles/CMakeTmp'


===== END =====

Build output check failed:
    Regex: 'unrecognized .*option'
    Output line: 'cc1plus: note: unrecognized command-line option ‘-Wno-shorten-64-to-32’ may have been intended to silence earlier diagnostics'
Compilation failed:
    source file: '/home/felipe/Desktop/graduation/2025.2/PDI/build/CMakeFiles/CMakeTmp/src.cxx'
    check option: ' -Wno-shorten-64-to-32'
===== BUILD LOG =====
Change Dir: '/home/felipe/Desktop/graduation/2025.2/PDI/build/CMakeFiles/CMakeTmp'

Run Build Command(s): /usr/bin/cmake -E env VERBOSE=1 /usr/bin/gmake -f Makefile cmTC_26f0c/fast
/usr/bin/gmake  -f CMakeFiles/cmTC_26f0c.dir/build.make CMakeFiles/cmTC_26f0c.dir/build
gmake[1]: Entering directory '/home/felipe/Desktop/graduation/2025.2/PDI/build/CMakeFiles/CMakeTmp'
Building CXX object CMakeFiles/cmTC_26f0c.dir/src.cxx.o
/usr/bin/c++   -fsigned-char -W -Wall -Wreturn-type -Wnon-virtual-dtor -Waddress -Wsequence-point -Wformat -Wformat-security -Winit-self -Wpointer-arith -Wuninitialized -Wsuggest-override -Wno-delete-non-virtual-dtor -Wno-comment -Wimplicit-fallthrough=3 -Wno-strict-overflow -fdiagnostics-show-option -pthread -fomit-frame-pointer -ffunction-sections -fdata-sections  -msse3 -fvisibility=hidden -fvisibility-inlines-hidden -Wno-deprecated -Wno-missing-declarations -Wno-shadow -Wno-unused-parameter -Wno-unused-local-typedefs -Wno-sign-compare -Wno-sign-promo -Wno-undef -Wno-ignored-qualifiers -Wno-extra -Wno-unused-function -Wno-unused-const-variable  -O3 -DNDEBUG  -DNDEBUG -std=c++11 -fPIE    -Wno-shorten-64-to-32 -o CMakeFiles/cmTC_26f0c.dir/src.cxx.o -c /home/felipe/Desktop/graduation/2025.2/PDI/build/CMakeFiles/CMakeTmp/src.cxx
/home/felipe/Desktop/graduation/2025.2/PDI/build/CMakeFiles/CMakeTmp/src.cxx:1: warning: ignoring ‘#pragma  ’ [-Wunknown-pragmas]
    1 | #pragma
      | 
cc1plus: note: unrecognized command-line option ‘-Wno-shorten-64-to-32’ may have been intended to silence earlier diagnostics
Linking CXX executable cmTC_26f0c
/usr/bin/cmake -E cmake_link_script CMakeFiles/cmTC_26f0c.dir/link.txt --verbose=1
/usr/bin/c++    -fsigned-char -W -Wall -Wreturn-type -Wnon-virtual-dtor -Waddress -Wsequence-point -Wformat -Wformat-security -Winit-self -Wpointer-arith -Wuninitialized -Wsuggest-override -Wno-delete-non-virtual-dtor -Wno-comment -Wimplicit-fallthrough=3 -Wno-strict-overflow -fdiagnostics-show-option -pthread -fomit-frame-pointer -ffunction-sections -fdata-sections  -msse3 -fvisibility=hidden -fvisibility-inlines-hidden -Wno-deprecated -Wno-missing-declarations -Wno-shadow -Wno-unused-parameter -Wno-unused-local-typedefs -Wno-sign-compare -Wno-sign-promo -Wno-undef -Wno-ignored-qualifiers -Wno-extra -Wno-unused-function -Wno-unused-const-variable  -O3 -DNDEBUG  -DNDEBUG   -Wl,--gc-sections -Wl,--as-needed -Wl,--no-undefined  CMakeFiles/cmTC_26f0c.dir/src.cxx.o -o cmTC_26f0c 
gmake[1]: Leaving directory '/home/felipe/Desktop/graduation/2025.2/PDI/build/CMakeFiles/CMakeTmp'


===== END =====

Build output check failed:
    Regex: 'unrecognized .*option'
    Output line: 'cc1plus: note: unrecognized command-line option ‘-Wno-enum-compare-switch’ may have been intended to silence earlier diagnostics'
Compilation failed:
    source file: '/home/felipe/Desktop/graduation/2025.2/PDI/build/CMakeFiles/CMakeTmp/src.cxx'
    check option: ' -Wno-enum-compare-switch'
===== BUILD LOG =====
Change Dir: '/home/felipe/Desktop/graduation/2025.2/PDI/build/CMakeFiles/CMakeTmp'

Run Build Command(s): /usr/bin/cmake -E env VERBOSE=1 /usr/bin/gmake -f Makefile cmTC_c63f5/fast
/usr/bin/gmake  -f CMakeFiles/cmTC_c63f5.dir/build.make CMakeFiles/cmTC_c63f5.dir/build
gmake[1]: Entering directory '/home/felipe/Desktop/graduation/2025.2/PDI/build/CMakeFiles/CMakeTmp'
Building CXX object CMakeFiles/cmTC_c63f5.dir/src.cxx.o
/usr/bin/c++   -fsigned-char -W -Wall -Wreturn-type -Wnon-virtual-dtor -Waddress -Wsequence-point -Wformat -Wformat-security -Winit-self -Wpointer-arith -Wuninitialized -Wsuggest-override -Wno-delete-non-virtual-dtor -Wno-comment -Wimplicit-fallthrough=3 -Wno-strict-overflow -fdiagnostics-show-option -pthread -fomit-frame-pointer -ffunction-sections -fdata-sections  -msse3 -fvisibility=hidden -fvisibility-inlines-hidden -Wno-deprecated -Wno-missing-declarations -Wno-shadow -Wno-unused-parameter -Wno-unused-local-typedefs -Wno-sign-compare -Wno-sign-promo -Wno-undef -Wno-ignored-qualifiers -Wno-extra -Wno-unused-function -Wno-unused-const-variable -Wno-invalid-offsetof  -O3 -DNDEBUG  -DNDEBUG -std=c++11 -fPIE    -Wno-enum-compare-switch -o CMakeFiles/cmTC_c63f5.dir/src.cxx.o -c /home/felipe/Desktop/graduation/2025.2/PDI/build/CMakeFiles/CMakeTmp/src.cxx
/home/felipe/Desktop/graduation/2025.2/PDI/build/CMakeFiles/CMakeTmp/src.cxx:1: warning: ignoring ‘#pragma  ’ [-Wunknown-pragmas]
    1 | #pragma
      | 
cc1plus: note: unrecognized command-line option ‘-Wno-enum-compare-switch’ may have been intended to silence earlier diagnostics
Linking CXX executable cmTC_c63f5
/usr/bin/cmake -E cmake_link_script CMakeFiles/cmTC_c63f5.dir/link.txt --verbose=1
/usr/bin/c++    -fsigned-char -W -Wall -Wreturn-type -Wnon-virtual-dtor -Waddress -Wsequence-point -Wformat -Wformat-security -Winit-self -Wpointer-arith -Wuninitialized -Wsuggest-override -Wno-delete-non-virtual-dtor -Wno-comment -Wimplicit-fallthrough=3 -Wno-strict-overflow -fdiagnostics-show-option -pthread -fomit-frame-pointer -ffunction-sections -fdata-sections  -msse3 -fvisibility=hidden -fvisibility-inlines-hidden -Wno-deprecated -Wno-missing-declarations -Wno-shadow -Wno-unused-parameter -Wno-unused-local-typedefs -Wno-sign-compare -Wno-sign-promo -Wno-undef -Wno-ignored-qualifiers -Wno-extra -Wno-unused-function -Wno-unused-const-variable -Wno-invalid-offsetof  -O3 -DNDEBUG  -DNDEBUG   -Wl,--gc-sections -Wl,--as-needed -Wl,--no-undefined  CMakeFiles/cmTC_c63f5.dir/src.cxx.o -o cmTC_c63f5 
gmake[1]: Leaving directory '/home/felipe/Desktop/graduation/2025.2/PDI/build/CMakeFiles/CMakeTmp'


===== END =====

Build output check failed:
    Regex: 'unrecognized .*option'
    Output line: 'cc1plus: note: unrecognized command-line option ‘-Wno-comma’ may have been intended to silence earlier diagnostics'
Compilation failed:
    source file: '/home/felipe/Desktop/graduation/2025.2/PDI/build/CMakeFiles/CMakeTmp/src.cxx'
    check option: ' -Wno-comma'
===== BUILD LOG =====
Change Dir: '/home/felipe/Desktop/graduation/2025.2/PDI/build/CMakeFiles/CMakeTmp'

Run Build Command(s): /usr/bin/cmake -E env VERBOSE=1 /usr/bin/gmake -f Makefile cmTC_68ab8/fast
/usr/bin/gmake  -f CMakeFiles/cmTC_68ab8.dir/build.make CMakeFiles/cmTC_68ab8.dir/build
gmake[1]: Entering directory '/home/felipe/Desktop/graduation/2025.2/PDI/build/CMakeFiles/CMakeTmp'
Building CXX object CMakeFiles/cmTC_68ab8.dir/src.cxx.o
/usr/bin/c++   -fsigned-char -W -Wall -Wreturn-type -Wnon-virtual-dtor -Waddress -Wsequence-point -Wformat -Wformat-security -Winit-self -Wpointer-arith -Wuninitialized -Wno-delete-non-virtual-dtor -Wno-comment -Wno-strict-overflow -fdiagnostics-show-option -pthread -fomit-frame-pointer -ffunction-sections -fdata-sections  -msse3 -fvisibility=hidden -fvisibility-inlines-hidden -Wno-deprecated -Wno-missing-declarations -Wno-shadow -Wno-unused-parameter -Wno-unused-local-typedefs -Wno-sign-compare -Wno-sign-promo -Wno-undef -Wno-ignored-qualifiers -Wno-extra -Wno-unused-function -Wno-unused-const-variable -Wno-invalid-offsetof -Wno-suggest-override -Wno-implicit-fallthrough -Wno-array-bounds -Wno-stringop-overflow -Wno-stringop-overread -Wno-extra-semi  -O3 -DNDEBUG  -DNDEBUG -std=c++11 -fPIE    -Wno-comma -o CMakeFiles/cmTC_68ab8.dir/src.cxx.o -c /home/felipe/Desktop/graduation/2025.2/PDI/build/CMakeFiles/CMakeTmp/src.cxx
/home/felipe/Desktop/graduation/2025.2/PDI/build/CMakeFiles/CMakeTmp/src.cxx:1: warning: ignoring ‘#pragma  ’ [-Wunknown-pragmas]
    1 | #pragma
      | 
cc1plus: note: unrecognized command-line option ‘-Wno-comma’ may have been intended to silence earlier diagnostics
Linking CXX executable cmTC_68ab8
/usr/bin/cmake -E cmake_link_script CMakeFiles/cmTC_68ab8.dir/link.txt --verbose=1
/usr/bin/c++    -fsigned-char -W -Wall -Wreturn-type -Wnon-virtual-dtor -Waddress -Wsequence-point -Wformat -Wformat-security -Winit-self -Wpointer-arith -Wuninitialized -Wno-delete-non-virtual-dtor -Wno-comment -Wno-strict-overflow -fdiagnostics-show-option -pthread -fomit-frame-pointer -ffunction-sections -fdata-sections  -msse3 -fvisibility=hidden -fvisibility-inlines-hidden -Wno-deprecated -Wno-missing-declarations -Wno-shadow -Wno-unused-parameter -Wno-unused-local-typedefs -Wno-sign-compare -Wno-sign-promo -Wno-undef -Wno-ignored-qualifiers -Wno-extra -Wno-unused-function -Wno-unused-const-variable -Wno-invalid-offsetof -Wno-suggest-override -Wno-implicit-fallthrough -Wno-array-bounds -Wno-stringop-overflow -Wno-stringop-overread -Wno-extra-semi  -O3 -DNDEBUG  -DNDEBUG   -Wl,--gc-sections -Wl,--as-needed -Wl,--no-undefined  CMakeFiles/cmTC_68ab8.dir/src.cxx.o -o cmTC_68ab8 
gmake[1]: Leaving directory '/home/felipe/Desktop/graduation/2025.2/PDI/build/CMakeFiles/CMakeTmp'


===== END =====

